Analysis & Synthesis report for ALU_Display
Sat Sep 18 11:09:41 2021
Quartus Prime Version 20.1.1 Build 720 11/11/2020 SJ Lite Edition


---------------------
; Table of Contents ;
---------------------
  1. Legal Notice
  2. Analysis & Synthesis Summary
  3. Analysis & Synthesis Settings
  4. Parallel Compilation
  5. Analysis & Synthesis Source Files Read
  6. Analysis & Synthesis Resource Usage Summary
  7. Analysis & Synthesis Resource Utilization by Entity
  8. Analysis & Synthesis DSP Block Usage Summary
  9. User-Specified and Inferred Latches
 10. Registers Removed During Synthesis
 11. General Register Statistics
 12. Multiplexer Restructuring Statistics (Restructuring Performed)
 13. Parameter Settings for User Entity Instance: Top-level Entity: |ALU_Display
 14. Parameter Settings for User Entity Instance: register_n:comb_12
 15. Parameter Settings for User Entity Instance: register_n:comb_13
 16. Parameter Settings for User Entity Instance: ALU:ALU_1
 17. Parameter Settings for User Entity Instance: register_n:comb_44
 18. Port Connectivity Checks: "BCD:comb_30"
 19. Post-Synthesis Netlist Statistics for Top Partition
 20. Elapsed Time Per Partition
 21. Analysis & Synthesis Messages
 22. Analysis & Synthesis Suppressed Messages



----------------
; Legal Notice ;
----------------
Copyright (C) 2020  Intel Corporation. All rights reserved.
Your use of Intel Corporation's design tools, logic functions 
and other software and tools, and any partner logic 
functions, and any output files from any of the foregoing 
(including device programming or simulation files), and any 
associated documentation or information are expressly subject 
to the terms and conditions of the Intel Program License 
Subscription Agreement, the Intel Quartus Prime License Agreement,
the Intel FPGA IP License Agreement, or other applicable license
agreement, including, without limitation, that your use is for
the sole purpose of programming logic devices manufactured by
Intel and sold by Intel or its authorized distributors.  Please
refer to the applicable agreement for further details, at
https://fpgasoftware.intel.com/eula.



+-------------------------------------------------------------------------------+
; Analysis & Synthesis Summary                                                  ;
+---------------------------------+---------------------------------------------+
; Analysis & Synthesis Status     ; Successful - Sat Sep 18 11:09:41 2021       ;
; Quartus Prime Version           ; 20.1.1 Build 720 11/11/2020 SJ Lite Edition ;
; Revision Name                   ; ALU_Display                                 ;
; Top-level Entity Name           ; ALU_Display                                 ;
; Family                          ; Cyclone V                                   ;
; Logic utilization (in ALMs)     ; N/A                                         ;
; Total registers                 ; 16                                          ;
; Total pins                      ; 44                                          ;
; Total virtual pins              ; 0                                           ;
; Total block memory bits         ; 0                                           ;
; Total DSP Blocks                ; 1                                           ;
; Total HSSI RX PCSs              ; 0                                           ;
; Total HSSI PMA RX Deserializers ; 0                                           ;
; Total HSSI TX PCSs              ; 0                                           ;
; Total HSSI PMA TX Serializers   ; 0                                           ;
; Total PLLs                      ; 0                                           ;
; Total DLLs                      ; 0                                           ;
+---------------------------------+---------------------------------------------+


+---------------------------------------------------------------------------------------------------------------------------+
; Analysis & Synthesis Settings                                                                                             ;
+---------------------------------------------------------------------------------+--------------------+--------------------+
; Option                                                                          ; Setting            ; Default Value      ;
+---------------------------------------------------------------------------------+--------------------+--------------------+
; Device                                                                          ; 5CSXFC6D6F31C6     ;                    ;
; Top-level entity name                                                           ; ALU_Display        ; ALU_Display        ;
; Family name                                                                     ; Cyclone V          ; Cyclone V          ;
; Use smart compilation                                                           ; Off                ; Off                ;
; Enable parallel Assembler and Timing Analyzer during compilation                ; On                 ; On                 ;
; Enable compact report table                                                     ; Off                ; Off                ;
; Restructure Multiplexers                                                        ; Auto               ; Auto               ;
; MLAB Add Timing Constraints For Mixed-Port Feed-Through Mode Setting Don't Care ; Off                ; Off                ;
; Create Debugging Nodes for IP Cores                                             ; Off                ; Off                ;
; Preserve fewer node names                                                       ; On                 ; On                 ;
; Intel FPGA IP Evaluation Mode                                                   ; Enable             ; Enable             ;
; Verilog Version                                                                 ; Verilog_2001       ; Verilog_2001       ;
; VHDL Version                                                                    ; VHDL_1993          ; VHDL_1993          ;
; State Machine Processing                                                        ; Auto               ; Auto               ;
; Safe State Machine                                                              ; Off                ; Off                ;
; Extract Verilog State Machines                                                  ; On                 ; On                 ;
; Extract VHDL State Machines                                                     ; On                 ; On                 ;
; Ignore Verilog initial constructs                                               ; Off                ; Off                ;
; Iteration limit for constant Verilog loops                                      ; 5000               ; 5000               ;
; Iteration limit for non-constant Verilog loops                                  ; 250                ; 250                ;
; Add Pass-Through Logic to Inferred RAMs                                         ; On                 ; On                 ;
; Infer RAMs from Raw Logic                                                       ; On                 ; On                 ;
; Parallel Synthesis                                                              ; On                 ; On                 ;
; DSP Block Balancing                                                             ; Auto               ; Auto               ;
; NOT Gate Push-Back                                                              ; On                 ; On                 ;
; Power-Up Don't Care                                                             ; On                 ; On                 ;
; Remove Redundant Logic Cells                                                    ; Off                ; Off                ;
; Remove Duplicate Registers                                                      ; On                 ; On                 ;
; Ignore CARRY Buffers                                                            ; Off                ; Off                ;
; Ignore CASCADE Buffers                                                          ; Off                ; Off                ;
; Ignore GLOBAL Buffers                                                           ; Off                ; Off                ;
; Ignore ROW GLOBAL Buffers                                                       ; Off                ; Off                ;
; Ignore LCELL Buffers                                                            ; Off                ; Off                ;
; Ignore SOFT Buffers                                                             ; On                 ; On                 ;
; Limit AHDL Integers to 32 Bits                                                  ; Off                ; Off                ;
; Optimization Technique                                                          ; Balanced           ; Balanced           ;
; Carry Chain Length                                                              ; 70                 ; 70                 ;
; Auto Carry Chains                                                               ; On                 ; On                 ;
; Auto Open-Drain Pins                                                            ; On                 ; On                 ;
; Perform WYSIWYG Primitive Resynthesis                                           ; Off                ; Off                ;
; Auto ROM Replacement                                                            ; On                 ; On                 ;
; Auto RAM Replacement                                                            ; On                 ; On                 ;
; Auto DSP Block Replacement                                                      ; On                 ; On                 ;
; Auto Shift Register Replacement                                                 ; Auto               ; Auto               ;
; Allow Shift Register Merging across Hierarchies                                 ; Auto               ; Auto               ;
; Auto Clock Enable Replacement                                                   ; On                 ; On                 ;
; Strict RAM Replacement                                                          ; Off                ; Off                ;
; Allow Synchronous Control Signals                                               ; On                 ; On                 ;
; Force Use of Synchronous Clear Signals                                          ; Off                ; Off                ;
; Auto Resource Sharing                                                           ; Off                ; Off                ;
; Allow Any RAM Size For Recognition                                              ; Off                ; Off                ;
; Allow Any ROM Size For Recognition                                              ; Off                ; Off                ;
; Allow Any Shift Register Size For Recognition                                   ; Off                ; Off                ;
; Use LogicLock Constraints during Resource Balancing                             ; On                 ; On                 ;
; Ignore translate_off and synthesis_off directives                               ; Off                ; Off                ;
; Timing-Driven Synthesis                                                         ; On                 ; On                 ;
; Report Parameter Settings                                                       ; On                 ; On                 ;
; Report Source Assignments                                                       ; On                 ; On                 ;
; Report Connectivity Checks                                                      ; On                 ; On                 ;
; Ignore Maximum Fan-Out Assignments                                              ; Off                ; Off                ;
; Synchronization Register Chain Length                                           ; 3                  ; 3                  ;
; Power Optimization During Synthesis                                             ; Normal compilation ; Normal compilation ;
; HDL message level                                                               ; Level2             ; Level2             ;
; Suppress Register Optimization Related Messages                                 ; Off                ; Off                ;
; Number of Removed Registers Reported in Synthesis Report                        ; 5000               ; 5000               ;
; Number of Swept Nodes Reported in Synthesis Report                              ; 5000               ; 5000               ;
; Number of Inverted Registers Reported in Synthesis Report                       ; 100                ; 100                ;
; Clock MUX Protection                                                            ; On                 ; On                 ;
; Auto Gated Clock Conversion                                                     ; Off                ; Off                ;
; Block Design Naming                                                             ; Auto               ; Auto               ;
; SDC constraint protection                                                       ; Off                ; Off                ;
; Synthesis Effort                                                                ; Auto               ; Auto               ;
; Shift Register Replacement - Allow Asynchronous Clear Signal                    ; On                 ; On                 ;
; Pre-Mapping Resynthesis Optimization                                            ; Off                ; Off                ;
; Analysis & Synthesis Message Level                                              ; Medium             ; Medium             ;
; Disable Register Merging Across Hierarchies                                     ; Auto               ; Auto               ;
; Resource Aware Inference For Block RAM                                          ; On                 ; On                 ;
; Automatic Parallel Synthesis                                                    ; On                 ; On                 ;
; Partial Reconfiguration Bitstream ID                                            ; Off                ; Off                ;
+---------------------------------------------------------------------------------+--------------------+--------------------+


+------------------------------------------+
; Parallel Compilation                     ;
+----------------------------+-------------+
; Processors                 ; Number      ;
+----------------------------+-------------+
; Number detected on machine ; 8           ;
; Maximum allowed            ; 4           ;
;                            ;             ;
; Average used               ; 1.00        ;
; Maximum used               ; 4           ;
;                            ;             ;
; Usage by Processor         ; % Time Used ;
;     Processor 1            ; 100.0%      ;
;     Processors 2-4         ;   0.0%      ;
+----------------------------+-------------+


+--------------------------------------------------------------------------------------------------------------------------------------------------------+
; Analysis & Synthesis Source Files Read                                                                                                                 ;
+----------------------------------+-----------------+------------------------+----------------------------------------------------------------+---------+
; File Name with User-Entered Path ; Used in Netlist ; File Type              ; File Name with Absolute Path                                   ; Library ;
+----------------------------------+-----------------+------------------------+----------------------------------------------------------------+---------+
; Sources/tabla_control.v          ; yes             ; User Verilog HDL File  ; /home/vmrod/devel/quartus/ALU_Display/Sources/tabla_control.v  ;         ;
; Sources/decode_7_anode.v         ; yes             ; User Verilog HDL File  ; /home/vmrod/devel/quartus/ALU_Display/Sources/decode_7_anode.v ;         ;
; Sources/BCD.v                    ; yes             ; User Verilog HDL File  ; /home/vmrod/devel/quartus/ALU_Display/Sources/BCD.v            ;         ;
; Sources/ALU.v                    ; yes             ; User Verilog HDL File  ; /home/vmrod/devel/quartus/ALU_Display/Sources/ALU.v            ;         ;
; Sources/ALU_Display.v            ; yes             ; User Verilog HDL File  ; /home/vmrod/devel/quartus/ALU_Display/Sources/ALU_Display.v    ;         ;
; Sources/register_n.v             ; yes             ; User Verilog HDL File  ; /home/vmrod/devel/quartus/ALU_Display/Sources/register_n.v     ;         ;
+----------------------------------+-----------------+------------------------+----------------------------------------------------------------+---------+


+--------------------------------------------------------------------+
; Analysis & Synthesis Resource Usage Summary                        ;
+---------------------------------------------+----------------------+
; Resource                                    ; Usage                ;
+---------------------------------------------+----------------------+
; Estimate of Logic utilization (ALMs needed) ; 68                   ;
;                                             ;                      ;
; Combinational ALUT usage for logic          ; 99                   ;
;     -- 7 input functions                    ; 6                    ;
;     -- 6 input functions                    ; 30                   ;
;     -- 5 input functions                    ; 10                   ;
;     -- 4 input functions                    ; 27                   ;
;     -- <=3 input functions                  ; 26                   ;
;                                             ;                      ;
; Dedicated logic registers                   ; 16                   ;
;                                             ;                      ;
; I/O pins                                    ; 44                   ;
;                                             ;                      ;
; Total DSP Blocks                            ; 1                    ;
;                                             ;                      ;
; Maximum fan-out node                        ; REG_CONTROL[0]~input ;
; Maximum fan-out                             ; 34                   ;
; Total fan-out                               ; 565                  ;
; Average fan-out                             ; 2.77                 ;
+---------------------------------------------+----------------------+


+------------------------------------------------------------------------------------------------------------------------------------------------------------------------------------------------------------+
; Analysis & Synthesis Resource Utilization by Entity                                                                                                                                                        ;
+-----------------------------+---------------------+---------------------------+-------------------+------------+------+--------------+-------------------------------------+----------------+--------------+
; Compilation Hierarchy Node  ; Combinational ALUTs ; Dedicated Logic Registers ; Block Memory Bits ; DSP Blocks ; Pins ; Virtual Pins ; Full Hierarchy Name                 ; Entity Name    ; Library Name ;
+-----------------------------+---------------------+---------------------------+-------------------+------------+------+--------------+-------------------------------------+----------------+--------------+
; |ALU_Display                ; 99 (2)              ; 16 (0)                    ; 0                 ; 1          ; 44   ; 0            ; |ALU_Display                        ; ALU_Display    ; work         ;
;    |ALU:ALU_1|              ; 61 (61)             ; 0 (0)                     ; 0                 ; 1          ; 0    ; 0            ; |ALU_Display|ALU:ALU_1              ; ALU            ; work         ;
;    |BCD:comb_30|            ; 5 (5)               ; 0 (0)                     ; 0                 ; 0          ; 0    ; 0            ; |ALU_Display|BCD:comb_30            ; BCD            ; work         ;
;    |decode_7_anode:comb_45| ; 7 (7)               ; 0 (0)                     ; 0                 ; 0          ; 0    ; 0            ; |ALU_Display|decode_7_anode:comb_45 ; decode_7_anode ; work         ;
;    |decode_7_anode:comb_46| ; 3 (3)               ; 0 (0)                     ; 0                 ; 0          ; 0    ; 0            ; |ALU_Display|decode_7_anode:comb_46 ; decode_7_anode ; work         ;
;    |register_n:comb_12|     ; 5 (5)               ; 5 (5)                     ; 0                 ; 0          ; 0    ; 0            ; |ALU_Display|register_n:comb_12     ; register_n     ; work         ;
;    |register_n:comb_13|     ; 5 (5)               ; 5 (5)                     ; 0                 ; 0          ; 0    ; 0            ; |ALU_Display|register_n:comb_13     ; register_n     ; work         ;
;    |register_n:comb_44|     ; 8 (8)               ; 6 (6)                     ; 0                 ; 0          ; 0    ; 0            ; |ALU_Display|register_n:comb_44     ; register_n     ; work         ;
;    |tabla_control:comb_7|   ; 3 (3)               ; 0 (0)                     ; 0                 ; 0          ; 0    ; 0            ; |ALU_Display|tabla_control:comb_7   ; tabla_control  ; work         ;
+-----------------------------+---------------------+---------------------------+-------------------+------------+------+--------------+-------------------------------------+----------------+--------------+
Note: For table entries with two numbers listed, the numbers in parentheses indicate the number of resources of the given type used by the specific entity alone. The numbers listed outside of parentheses indicate the total resources of the given type used by the specific entity and all of its sub-entities in the hierarchy.


+----------------------------------------------+
; Analysis & Synthesis DSP Block Usage Summary ;
+-------------------------------+--------------+
; Statistic                     ; Number Used  ;
+-------------------------------+--------------+
; Independent 9x9               ; 1            ;
; Total number of DSP blocks    ; 1            ;
;                               ;              ;
; Fixed Point Signed Multiplier ; 1            ;
+-------------------------------+--------------+


+---------------------------------------------------------------------------------------------------+
; User-Specified and Inferred Latches                                                               ;
+----------------------------------------------------+---------------------+------------------------+
; Latch Name                                         ; Latch Enable Signal ; Free of Timing Hazards ;
+----------------------------------------------------+---------------------+------------------------+
; ALU:ALU_1|carry_out                                ; ALU:ALU_1|Mux7      ; yes                    ;
; ALU:ALU_1|overflow                                 ; ALU:ALU_1|WideOr0   ; yes                    ;
; Number of user-specified and inferred latches = 2  ;                     ;                        ;
+----------------------------------------------------+---------------------+------------------------+
Note: All latches listed above may not be present at the end of synthesis due to various synthesis optimizations.


+--------------------------------------------------------------------------------+
; Registers Removed During Synthesis                                             ;
+---------------------------------------+----------------------------------------+
; Register name                         ; Reason for Removal                     ;
+---------------------------------------+----------------------------------------+
; register_n:comb_44|Q[9,11]            ; Merged with register_n:comb_44|Q[10]   ;
; register_n:comb_44|Q[6..8,10]         ; Stuck at GND due to stuck port data_in ;
; Total Number of Removed Registers = 6 ;                                        ;
+---------------------------------------+----------------------------------------+


+------------------------------------------------------+
; General Register Statistics                          ;
+----------------------------------------------+-------+
; Statistic                                    ; Value ;
+----------------------------------------------+-------+
; Total registers                              ; 16    ;
; Number of registers using Synchronous Clear  ; 0     ;
; Number of registers using Synchronous Load   ; 0     ;
; Number of registers using Asynchronous Clear ; 0     ;
; Number of registers using Asynchronous Load  ; 0     ;
; Number of registers using Clock Enable       ; 16    ;
; Number of registers using Preset             ; 0     ;
+----------------------------------------------+-------+


+----------------------------------------------------------------------------------------------------------------------------------------------------+
; Multiplexer Restructuring Statistics (Restructuring Performed)                                                                                     ;
+--------------------+-----------+---------------+----------------------+------------------------+------------+--------------------------------------+
; Multiplexer Inputs ; Bus Width ; Baseline Area ; Area if Restructured ; Saving if Restructured ; Registered ; Example Multiplexer Output           ;
+--------------------+-----------+---------------+----------------------+------------------------+------------+--------------------------------------+
; 3:1                ; 10 bits   ; 20 LEs        ; 10 LEs               ; 10 LEs                 ; Yes        ; |ALU_Display|register_n:comb_13|Q[2] ;
; 5:1                ; 4 bits    ; 12 LEs        ; 8 LEs                ; 4 LEs                  ; Yes        ; |ALU_Display|register_n:comb_44|Q[4] ;
; 3:1                ; 4 bits    ; 8 LEs         ; 4 LEs                ; 4 LEs                  ; No         ; |ALU_Display|ALU:ALU_1|Add0          ;
; 3:1                ; 4 bits    ; 8 LEs         ; 4 LEs                ; 4 LEs                  ; No         ; |ALU_Display|ALU:ALU_1|Add0          ;
+--------------------+-----------+---------------+----------------------+------------------------+------------+--------------------------------------+


+-----------------------------------------------------------------------------+
; Parameter Settings for User Entity Instance: Top-level Entity: |ALU_Display ;
+----------------+-------+----------------------------------------------------+
; Parameter Name ; Value ; Type                                               ;
+----------------+-------+----------------------------------------------------+
; WIDTH          ; 4     ; Signed Integer                                     ;
+----------------+-------+----------------------------------------------------+
Note: In order to hide this table in the UI and the text report file, please set the "Show Parameter Settings in Synthesis Report" option in "Analysis and Synthesis Settings -> More Settings" to "Off".


+-----------------------------------------------------------------+
; Parameter Settings for User Entity Instance: register_n:comb_12 ;
+----------------+-------+----------------------------------------+
; Parameter Name ; Value ; Type                                   ;
+----------------+-------+----------------------------------------+
; n              ; 5     ; Signed Integer                         ;
+----------------+-------+----------------------------------------+
Note: In order to hide this table in the UI and the text report file, please set the "Show Parameter Settings in Synthesis Report" option in "Analysis and Synthesis Settings -> More Settings" to "Off".


+-----------------------------------------------------------------+
; Parameter Settings for User Entity Instance: register_n:comb_13 ;
+----------------+-------+----------------------------------------+
; Parameter Name ; Value ; Type                                   ;
+----------------+-------+----------------------------------------+
; n              ; 5     ; Signed Integer                         ;
+----------------+-------+----------------------------------------+
Note: In order to hide this table in the UI and the text report file, please set the "Show Parameter Settings in Synthesis Report" option in "Analysis and Synthesis Settings -> More Settings" to "Off".


+--------------------------------------------------------+
; Parameter Settings for User Entity Instance: ALU:ALU_1 ;
+----------------+-------+-------------------------------+
; Parameter Name ; Value ; Type                          ;
+----------------+-------+-------------------------------+
; WIDTH          ; 4     ; Signed Integer                ;
+----------------+-------+-------------------------------+
Note: In order to hide this table in the UI and the text report file, please set the "Show Parameter Settings in Synthesis Report" option in "Analysis and Synthesis Settings -> More Settings" to "Off".


+-----------------------------------------------------------------+
; Parameter Settings for User Entity Instance: register_n:comb_44 ;
+----------------+-------+----------------------------------------+
; Parameter Name ; Value ; Type                                   ;
+----------------+-------+----------------------------------------+
; n              ; 12    ; Signed Integer                         ;
+----------------+-------+----------------------------------------+
Note: In order to hide this table in the UI and the text report file, please set the "Show Parameter Settings in Synthesis Report" option in "Analysis and Synthesis Settings -> More Settings" to "Off".


+-----------------------------------------------------------------------------------------------------------------------------------------------------------------------+
; Port Connectivity Checks: "BCD:comb_30"                                                                                                                               ;
+------+-------+----------+---------------------------------------------------------------------------------------------------------------------------------------------+
; Port ; Type  ; Severity ; Details                                                                                                                                     ;
+------+-------+----------+---------------------------------------------------------------------------------------------------------------------------------------------+
; bin  ; Input ; Warning  ; Input port expression (6 bits) is smaller than the input port (8 bits) it drives.  Extra input bit(s) "bin[7..6]" will be connected to GND. ;
+------+-------+----------+---------------------------------------------------------------------------------------------------------------------------------------------+


+-----------------------------------------------------+
; Post-Synthesis Netlist Statistics for Top Partition ;
+-----------------------+-----------------------------+
; Type                  ; Count                       ;
+-----------------------+-----------------------------+
; arriav_ff             ; 16                          ;
;     ENA               ; 16                          ;
; arriav_lcell_comb     ; 108                         ;
;     arith             ; 7                           ;
;         1 data inputs ; 1                           ;
;         4 data inputs ; 6                           ;
;     extend            ; 6                           ;
;         7 data inputs ; 6                           ;
;     normal            ; 95                          ;
;         0 data inputs ; 2                           ;
;         1 data inputs ; 7                           ;
;         2 data inputs ; 20                          ;
;         3 data inputs ; 5                           ;
;         4 data inputs ; 21                          ;
;         5 data inputs ; 10                          ;
;         6 data inputs ; 30                          ;
; arriav_mac            ; 1                           ;
; boundary_port         ; 44                          ;
;                       ;                             ;
; Max LUT depth         ; 6.00                        ;
; Average LUT depth     ; 3.87                        ;
+-----------------------+-----------------------------+


+-------------------------------+
; Elapsed Time Per Partition    ;
+----------------+--------------+
; Partition Name ; Elapsed Time ;
+----------------+--------------+
; Top            ; 00:00:00     ;
+----------------+--------------+


+-------------------------------+
; Analysis & Synthesis Messages ;
+-------------------------------+
Info: *******************************************************************
Info: Running Quartus Prime Analysis & Synthesis
    Info: Version 20.1.1 Build 720 11/11/2020 SJ Lite Edition
    Info: Processing started: Sat Sep 18 11:09:35 2021
Info: Command: quartus_map --read_settings_files=on --write_settings_files=off ALU_Display -c ALU_Display
Warning (18236): Number of processors has not been specified which may cause overloading on shared machines.  Set the global assignment NUM_PARALLEL_PROCESSORS in your QSF to an appropriate value for best performance.
Info (20030): Parallel compilation is enabled and will use 4 of the 4 processors detected
Info (12021): Found 1 design units, including 1 entities, in source file Sources/tabla_control.v
    Info (12023): Found entity 1: tabla_control File: /home/vmrod/devel/quartus/ALU_Display/Sources/tabla_control.v Line: 23
Info (12021): Found 1 design units, including 1 entities, in source file Sources/decode_7_anode.v
    Info (12023): Found entity 1: decode_7_anode File: /home/vmrod/devel/quartus/ALU_Display/Sources/decode_7_anode.v Line: 8
Info (12021): Found 1 design units, including 1 entities, in source file Sources/BCD.v
    Info (12023): Found entity 1: BCD File: /home/vmrod/devel/quartus/ALU_Display/Sources/BCD.v Line: 8
Info (12021): Found 1 design units, including 1 entities, in source file Sources/ALU.v
    Info (12023): Found entity 1: ALU File: /home/vmrod/devel/quartus/ALU_Display/Sources/ALU.v Line: 8
Info (12021): Found 1 design units, including 1 entities, in source file Sources/ALU_Display.v
    Info (12023): Found entity 1: ALU_Display File: /home/vmrod/devel/quartus/ALU_Display/Sources/ALU_Display.v Line: 8
Info (12021): Found 1 design units, including 1 entities, in source file Sources/register_n.v
    Info (12023): Found entity 1: register_n File: /home/vmrod/devel/quartus/ALU_Display/Sources/register_n.v Line: 8
Critical Warning (10846): Verilog HDL Instantiation warning at ALU_Display.v(58): instance has no name File: /home/vmrod/devel/quartus/ALU_Display/Sources/ALU_Display.v Line: 58
Critical Warning (10846): Verilog HDL Instantiation warning at ALU_Display.v(66): instance has no name File: /home/vmrod/devel/quartus/ALU_Display/Sources/ALU_Display.v Line: 66
Critical Warning (10846): Verilog HDL Instantiation warning at ALU_Display.v(74): instance has no name File: /home/vmrod/devel/quartus/ALU_Display/Sources/ALU_Display.v Line: 74
Critical Warning (10846): Verilog HDL Instantiation warning at ALU_Display.v(93): instance has no name File: /home/vmrod/devel/quartus/ALU_Display/Sources/ALU_Display.v Line: 93
Critical Warning (10846): Verilog HDL Instantiation warning at ALU_Display.v(104): instance has no name File: /home/vmrod/devel/quartus/ALU_Display/Sources/ALU_Display.v Line: 104
Critical Warning (10846): Verilog HDL Instantiation warning at ALU_Display.v(115): instance has no name File: /home/vmrod/devel/quartus/ALU_Display/Sources/ALU_Display.v Line: 115
Critical Warning (10846): Verilog HDL Instantiation warning at ALU_Display.v(126): instance has no name File: /home/vmrod/devel/quartus/ALU_Display/Sources/ALU_Display.v Line: 126
Critical Warning (10846): Verilog HDL Instantiation warning at ALU_Display.v(138): instance has no name File: /home/vmrod/devel/quartus/ALU_Display/Sources/ALU_Display.v Line: 138
Info (12127): Elaborating entity "ALU_Display" for the top level hierarchy
Info (12128): Elaborating entity "tabla_control" for hierarchy "tabla_control:comb_7" File: /home/vmrod/devel/quartus/ALU_Display/Sources/ALU_Display.v Line: 58
Info (12128): Elaborating entity "register_n" for hierarchy "register_n:comb_12" File: /home/vmrod/devel/quartus/ALU_Display/Sources/ALU_Display.v Line: 66
Warning (10230): Verilog HDL assignment warning at register_n.v(19): truncated value with size 32 to match size of target (5) File: /home/vmrod/devel/quartus/ALU_Display/Sources/register_n.v Line: 19
Info (12128): Elaborating entity "ALU" for hierarchy "ALU:ALU_1" File: /home/vmrod/devel/quartus/ALU_Display/Sources/ALU_Display.v Line: 84
Warning (10235): Verilog HDL Always Construct warning at ALU.v(26): variable "A" is read inside the Always Construct but isn't in the Always Construct's Event Control File: /home/vmrod/devel/quartus/ALU_Display/Sources/ALU.v Line: 26
Warning (10235): Verilog HDL Always Construct warning at ALU.v(26): variable "B" is read inside the Always Construct but isn't in the Always Construct's Event Control File: /home/vmrod/devel/quartus/ALU_Display/Sources/ALU.v Line: 26
Warning (10235): Verilog HDL Always Construct warning at ALU.v(27): variable "RESULT" is read inside the Always Construct but isn't in the Always Construct's Event Control File: /home/vmrod/devel/quartus/ALU_Display/Sources/ALU.v Line: 27
Warning (10235): Verilog HDL Always Construct warning at ALU.v(28): variable "A" is read inside the Always Construct but isn't in the Always Construct's Event Control File: /home/vmrod/devel/quartus/ALU_Display/Sources/ALU.v Line: 28
Warning (10235): Verilog HDL Always Construct warning at ALU.v(28): variable "B" is read inside the Always Construct but isn't in the Always Construct's Event Control File: /home/vmrod/devel/quartus/ALU_Display/Sources/ALU.v Line: 28
Warning (10235): Verilog HDL Always Construct warning at ALU.v(28): variable "RESULT" is read inside the Always Construct but isn't in the Always Construct's Event Control File: /home/vmrod/devel/quartus/ALU_Display/Sources/ALU.v Line: 28
Warning (10235): Verilog HDL Always Construct warning at ALU.v(32): variable "A" is read inside the Always Construct but isn't in the Always Construct's Event Control File: /home/vmrod/devel/quartus/ALU_Display/Sources/ALU.v Line: 32
Warning (10235): Verilog HDL Always Construct warning at ALU.v(32): variable "B" is read inside the Always Construct but isn't in the Always Construct's Event Control File: /home/vmrod/devel/quartus/ALU_Display/Sources/ALU.v Line: 32
Warning (10235): Verilog HDL Always Construct warning at ALU.v(33): variable "RESULT" is read inside the Always Construct but isn't in the Always Construct's Event Control File: /home/vmrod/devel/quartus/ALU_Display/Sources/ALU.v Line: 33
Warning (10235): Verilog HDL Always Construct warning at ALU.v(37): variable "B" is read inside the Always Construct but isn't in the Always Construct's Event Control File: /home/vmrod/devel/quartus/ALU_Display/Sources/ALU.v Line: 37
Warning (10235): Verilog HDL Always Construct warning at ALU.v(41): variable "A" is read inside the Always Construct but isn't in the Always Construct's Event Control File: /home/vmrod/devel/quartus/ALU_Display/Sources/ALU.v Line: 41
Warning (10235): Verilog HDL Always Construct warning at ALU.v(41): variable "B" is read inside the Always Construct but isn't in the Always Construct's Event Control File: /home/vmrod/devel/quartus/ALU_Display/Sources/ALU.v Line: 41
Warning (10235): Verilog HDL Always Construct warning at ALU.v(42): variable "RESULT" is read inside the Always Construct but isn't in the Always Construct's Event Control File: /home/vmrod/devel/quartus/ALU_Display/Sources/ALU.v Line: 42
Warning (10235): Verilog HDL Always Construct warning at ALU.v(43): variable "A" is read inside the Always Construct but isn't in the Always Construct's Event Control File: /home/vmrod/devel/quartus/ALU_Display/Sources/ALU.v Line: 43
Warning (10235): Verilog HDL Always Construct warning at ALU.v(43): variable "B" is read inside the Always Construct but isn't in the Always Construct's Event Control File: /home/vmrod/devel/quartus/ALU_Display/Sources/ALU.v Line: 43
Warning (10235): Verilog HDL Always Construct warning at ALU.v(43): variable "RESULT" is read inside the Always Construct but isn't in the Always Construct's Event Control File: /home/vmrod/devel/quartus/ALU_Display/Sources/ALU.v Line: 43
Warning (10235): Verilog HDL Always Construct warning at ALU.v(47): variable "A" is read inside the Always Construct but isn't in the Always Construct's Event Control File: /home/vmrod/devel/quartus/ALU_Display/Sources/ALU.v Line: 47
Warning (10235): Verilog HDL Always Construct warning at ALU.v(47): variable "B" is read inside the Always Construct but isn't in the Always Construct's Event Control File: /home/vmrod/devel/quartus/ALU_Display/Sources/ALU.v Line: 47
Warning (10235): Verilog HDL Always Construct warning at ALU.v(51): variable "A" is read inside the Always Construct but isn't in the Always Construct's Event Control File: /home/vmrod/devel/quartus/ALU_Display/Sources/ALU.v Line: 51
Warning (10235): Verilog HDL Always Construct warning at ALU.v(51): variable "B" is read inside the Always Construct but isn't in the Always Construct's Event Control File: /home/vmrod/devel/quartus/ALU_Display/Sources/ALU.v Line: 51
Warning (10235): Verilog HDL Always Construct warning at ALU.v(55): variable "A" is read inside the Always Construct but isn't in the Always Construct's Event Control File: /home/vmrod/devel/quartus/ALU_Display/Sources/ALU.v Line: 55
Warning (10235): Verilog HDL Always Construct warning at ALU.v(59): variable "A" is read inside the Always Construct but isn't in the Always Construct's Event Control File: /home/vmrod/devel/quartus/ALU_Display/Sources/ALU.v Line: 59
Warning (10235): Verilog HDL Always Construct warning at ALU.v(59): variable "B" is read inside the Always Construct but isn't in the Always Construct's Event Control File: /home/vmrod/devel/quartus/ALU_Display/Sources/ALU.v Line: 59
Warning (10235): Verilog HDL Always Construct warning at ALU.v(63): variable "A" is read inside the Always Construct but isn't in the Always Construct's Event Control File: /home/vmrod/devel/quartus/ALU_Display/Sources/ALU.v Line: 63
Warning (10235): Verilog HDL Always Construct warning at ALU.v(63): variable "B" is read inside the Always Construct but isn't in the Always Construct's Event Control File: /home/vmrod/devel/quartus/ALU_Display/Sources/ALU.v Line: 63
Warning (10235): Verilog HDL Always Construct warning at ALU.v(67): variable "A" is read inside the Always Construct but isn't in the Always Construct's Event Control File: /home/vmrod/devel/quartus/ALU_Display/Sources/ALU.v Line: 67
Warning (10235): Verilog HDL Always Construct warning at ALU.v(67): variable "B" is read inside the Always Construct but isn't in the Always Construct's Event Control File: /home/vmrod/devel/quartus/ALU_Display/Sources/ALU.v Line: 67
Warning (10230): Verilog HDL assignment warning at ALU.v(71): truncated value with size 32 to match size of target (6) File: /home/vmrod/devel/quartus/ALU_Display/Sources/ALU.v Line: 71
Warning (10230): Verilog HDL assignment warning at ALU.v(75): truncated value with size 32 to match size of target (6) File: /home/vmrod/devel/quartus/ALU_Display/Sources/ALU.v Line: 75
Warning (10230): Verilog HDL assignment warning at ALU.v(79): truncated value with size 32 to match size of target (6) File: /home/vmrod/devel/quartus/ALU_Display/Sources/ALU.v Line: 79
Warning (10230): Verilog HDL assignment warning at ALU.v(83): truncated value with size 32 to match size of target (6) File: /home/vmrod/devel/quartus/ALU_Display/Sources/ALU.v Line: 83
Warning (10230): Verilog HDL assignment warning at ALU.v(87): truncated value with size 32 to match size of target (6) File: /home/vmrod/devel/quartus/ALU_Display/Sources/ALU.v Line: 87
Warning (10230): Verilog HDL assignment warning at ALU.v(91): truncated value with size 32 to match size of target (6) File: /home/vmrod/devel/quartus/ALU_Display/Sources/ALU.v Line: 91
Warning (10240): Verilog HDL Always Construct warning at ALU.v(21): inferring latch(es) for variable "carry_out", which holds its previous value in one or more paths through the always construct File: /home/vmrod/devel/quartus/ALU_Display/Sources/ALU.v Line: 21
Warning (10240): Verilog HDL Always Construct warning at ALU.v(21): inferring latch(es) for variable "overflow", which holds its previous value in one or more paths through the always construct File: /home/vmrod/devel/quartus/ALU_Display/Sources/ALU.v Line: 21
Info (10041): Inferred latch for "overflow" at ALU.v(21) File: /home/vmrod/devel/quartus/ALU_Display/Sources/ALU.v Line: 21
Info (10041): Inferred latch for "carry_out" at ALU.v(21) File: /home/vmrod/devel/quartus/ALU_Display/Sources/ALU.v Line: 21
Info (12128): Elaborating entity "BCD" for hierarchy "BCD:comb_30" File: /home/vmrod/devel/quartus/ALU_Display/Sources/ALU_Display.v Line: 93
Warning (10230): Verilog HDL assignment warning at BCD.v(24): truncated value with size 32 to match size of target (4) File: /home/vmrod/devel/quartus/ALU_Display/Sources/BCD.v Line: 24
Warning (10230): Verilog HDL assignment warning at BCD.v(29): truncated value with size 32 to match size of target (4) File: /home/vmrod/devel/quartus/ALU_Display/Sources/BCD.v Line: 29
Warning (10230): Verilog HDL assignment warning at BCD.v(31): truncated value with size 32 to match size of target (4) File: /home/vmrod/devel/quartus/ALU_Display/Sources/BCD.v Line: 31
Info (12128): Elaborating entity "register_n" for hierarchy "register_n:comb_44" File: /home/vmrod/devel/quartus/ALU_Display/Sources/ALU_Display.v Line: 104
Warning (10230): Verilog HDL assignment warning at register_n.v(19): truncated value with size 32 to match size of target (12) File: /home/vmrod/devel/quartus/ALU_Display/Sources/register_n.v Line: 19
Info (12128): Elaborating entity "decode_7_anode" for hierarchy "decode_7_anode:comb_45" File: /home/vmrod/devel/quartus/ALU_Display/Sources/ALU_Display.v Line: 115
Warning (12241): 1 hierarchies have connectivity warnings - see the Connectivity Checks report folder
Warning (13012): Latch ALU:ALU_1|carry_out has unsafe behavior File: /home/vmrod/devel/quartus/ALU_Display/Sources/ALU.v Line: 14
    Warning (13013): Ports D and ENA on the latch are fed by the same signal REG_CONTROL[0] File: /home/vmrod/devel/quartus/ALU_Display/Sources/ALU_Display.v Line: 11
Warning (13012): Latch ALU:ALU_1|overflow has unsafe behavior File: /home/vmrod/devel/quartus/ALU_Display/Sources/ALU.v Line: 16
    Warning (13013): Ports D and ENA on the latch are fed by the same signal REG_CONTROL[2] File: /home/vmrod/devel/quartus/ALU_Display/Sources/ALU_Display.v Line: 11
Warning (13024): Output pins are stuck at VCC or GND
    Warning (13410): Pin "DISPLAYS[14]" is stuck at GND File: /home/vmrod/devel/quartus/ALU_Display/Sources/ALU_Display.v Line: 13
    Warning (13410): Pin "DISPLAYS[15]" is stuck at GND File: /home/vmrod/devel/quartus/ALU_Display/Sources/ALU_Display.v Line: 13
    Warning (13410): Pin "DISPLAYS[16]" is stuck at GND File: /home/vmrod/devel/quartus/ALU_Display/Sources/ALU_Display.v Line: 13
    Warning (13410): Pin "DISPLAYS[17]" is stuck at GND File: /home/vmrod/devel/quartus/ALU_Display/Sources/ALU_Display.v Line: 13
    Warning (13410): Pin "DISPLAYS[18]" is stuck at GND File: /home/vmrod/devel/quartus/ALU_Display/Sources/ALU_Display.v Line: 13
    Warning (13410): Pin "DISPLAYS[19]" is stuck at GND File: /home/vmrod/devel/quartus/ALU_Display/Sources/ALU_Display.v Line: 13
    Warning (13410): Pin "DISPLAYS[20]" is stuck at VCC File: /home/vmrod/devel/quartus/ALU_Display/Sources/ALU_Display.v Line: 13
Info (286030): Timing-Driven Synthesis is running
Info (144001): Generated suppressed messages file /home/vmrod/devel/quartus/ALU_Display/output_files/ALU_Display.map.smsg
Info (16010): Generating hard_block partition "hard_block:auto_generated_inst"
    Info (16011): Adding 0 node(s), including 0 DDIO, 0 PLL, 0 transceiver and 0 LCELL
Info (21057): Implemented 144 device resources after synthesis - the final resource count might be different
    Info (21058): Implemented 15 input pins
    Info (21059): Implemented 29 output pins
    Info (21061): Implemented 99 logic cells
    Info (21062): Implemented 1 DSP elements
Info: Quartus Prime Analysis & Synthesis was successful. 0 errors, 62 warnings
    Info: Peak virtual memory: 736 megabytes
    Info: Processing ended: Sat Sep 18 11:09:41 2021
    Info: Elapsed time: 00:00:06
    Info: Total CPU time (on all processors): 00:00:15


+------------------------------------------+
; Analysis & Synthesis Suppressed Messages ;
+------------------------------------------+
The suppressed messages can be found in /home/vmrod/devel/quartus/ALU_Display/output_files/ALU_Display.map.smsg.


